// Jest Snapshot v1, https://goo.gl/fbAQLP

exports[`<UseCard /> should renders correctly 1`] = `
<div
  className="UseCaseCard"
>
  <Card
    actions={
      Array [
        <Icon
          aria-label="experiment icon"
          style={
            Object {
              "fontSize": "22px",
            }
          }
          theme="filled"
          type="profile"
        />,
      ]
    }
    aria-label="Use case card, Use case name is NHS Fridges 游눌, Use case description is Check the temperature of fridges in University Hospital, Cardiff"
    bodyStyle={
      Object {
        "minHeight": 150,
      }
    }
    bordered={true}
    className="card"
    cover={
      <img
        alt="NHS Fridges 游눌"
        height="250px"
        src="/images/nhsfridge.jpg"
      />
    }
    hoverable={true}
    style={
      Object {
        "width": 300,
      }
    }
  >
    <div
      aria-label="Use case name: NHS Fridges 游눌, Use case description: Check the temperature of fridges in University Hospital, Cardiff"
      className="content"
    >
      <_default
        aria-label="Use case name: NHS Fridges 游눌, Use case description: Check the temperature of fridges in University Hospital, Cardiff"
        description="Check the temperature of fridges in University Hospital, Cardiff"
        style={
          Object {
            "textAlign": "center",
          }
        }
        title="NHS Fridges 游눌"
      />
    </div>
  </Card>
</div>
`;
